// Jest Snapshot v1, https://goo.gl/fbAQLP

exports[`matches the snapshot 1`] = `
<DocumentFragment>
  <div
    class="container"
  >
    <h1>
      Edit Post
    </h1>
    <form
      class=""
    >
      <div
        class="mb-3"
      >
        <label
          class="form-label"
          for="title"
        >
          Title:
        </label>
        <input
          class="form-control"
          id="title"
          placeholder="Enter title"
          type="text"
          value="Sample Title"
        />
      </div>
      <div
        class="mb-3"
      >
        <label
          class="form-label"
          for="body"
        >
          Body:
        </label>
        <input
          class="form-control"
          id="body"
          placeholder="Enter body"
          type="text"
          value="Sample Body"
        />
      </div>
      <div
        class="mb-3"
      >
        <label
          class="form-label"
          for="userId"
        >
          User Id:
        </label>
        <input
          class="form-control"
          id="userId"
          placeholder="Enter User Id"
          type="number"
          value="1"
        />
      </div>
      <button
        class="btn btn-success"
        type="submit"
      >
        Update
      </button>
    </form>
  </div>
</DocumentFragment>
`;
